Server listening on port 3000
A user connected: yFjOYW8J0CNweWTQAAAB
Room hostroom1 created by yFjOYW8J0CNweWTQAAAB
Token spawned in room hostroom1: {
  id: 'inst_wiqkd4oi9',
  templateId: 'char_dd3m8dto9',
  x: 350,
  y: 300,
  color: 16711680,
  speed: 5,
  avatarUrl: 'https://api.dicebear.com/7.x/adventurer/svg?seed=Host',
  type: 'character',
  hasMoved: false
}
User disconnected: yFjOYW8J0CNweWTQAAAB
A user connected: fzk65frzriqeJ1aNAAAD
Room hostroom2 created by fzk65frzriqeJ1aNAAAD
Token spawned in room hostroom2: {
  id: 'inst_zmdmjrwpz',
  templateId: 'char_4n3sdtnzm',
  x: 50,
  y: 200,
  color: 16711680,
  speed: 5,
  avatarUrl: 'https://api.dicebear.com/7.x/adventurer/svg?seed=Host',
  type: 'character',
  hasMoved: false
}
User disconnected: fzk65frzriqeJ1aNAAAD
A user connected: PljMGIT9dREWw9W7AAAF
Room hostroom3 created by PljMGIT9dREWw9W7AAAF
User disconnected: PljMGIT9dREWw9W7AAAF
A user connected: J50GX1Hu7YJsmKzjAAAH
Room hostroom_test_1 created by J50GX1Hu7YJsmKzjAAAH
User disconnected: J50GX1Hu7YJsmKzjAAAH
